$ git init
Reinitialized existing Git repository in C:/Users/hrkun/MagentaCLOUD/Programmieren/R/zollerTools/.git/

hrkun@DESKTOP-OV7M69Q MSYS ~/MagentaCLOUD/Programmieren/R/zollerTools (master)
$ gitt add .
bash: gitt: command not found

hrkun@DESKTOP-OV7M69Q MSYS ~/MagentaCLOUD/Programmieren/R/zollerTools (master)
$ git add .

hrkun@DESKTOP-OV7M69Q MSYS ~/MagentaCLOUD/Programmieren/R/zollerTools (master)
$ git commit -m "test"
On branch master
nothing to commit, working tree clean

hrkun@DESKTOP-OV7M69Q MSYS ~/MagentaCLOUD/Programmieren/R/zollerTools (master)
$ git remote add origin https://github.com/lukaszoller/tool_R.git

hrkun@DESKTOP-OV7M69Q MSYS ~/MagentaCLOUD/Programmieren/R/zollerTools (master)
$ git push -u origin master
Logon failed, use ctrl+c to cancel basic credential prompt.
Username for 'https://github.com': lukaszoller
Password for 'https://lukaszoller@github.com':
Enumerating objects: 18, done.
Counting objects: 100% (18/18), done.
Delta compression using up to 8 threads
Compressing objects: 100% (15/15), done.
Writing objects: 100% (18/18), 3.55 KiB | 3.55 MiB/s, done.
Total 18 (delta 0), reused 0 (delta 0)
To https://github.com/lukaszoller/tool_R.git
 * [new branch]      master -> master
Branch 'master' set up to track remote branch 'master' from 'origin'.

hrkun@DESKTOP-OV7M69Q MSYS ~/MagentaCLOUD/Programmieren/R/zollerTools (master)
$


































